../Core/Src/main.c:93:5:_write	24	static
../Core/Src/main.c:99:6:HAL_UART_RxCpltCallback	16	static
../Core/Src/main.c:122:6:HAL_TIM_PeriodElapsedCallback	16	static
../Core/Src/main.c:134:6:HAL_GPIO_EXTI_Callback	16	static
../Core/Src/main.c:160:5:main	104	static
../Core/Src/main.c:320:6:SystemClock_Config	88	static
../Core/Src/main.c:364:13:MX_NVIC_Init	8	static
../Core/Src/main.c:388:13:MX_ADC1_Init	24	static
../Core/Src/main.c:467:13:MX_I2C1_Init	8	static
../Core/Src/main.c:501:13:MX_SDIO_SD_Init	4	static
../Core/Src/main.c:529:13:MX_SPI2_Init	8	static
../Core/Src/main.c:567:13:MX_TIM2_Init	64	static
../Core/Src/main.c:626:13:MX_TIM3_Init	64	static
../Core/Src/main.c:695:13:MX_TIM4_Init	64	static
../Core/Src/main.c:764:13:MX_TIM5_Init	64	static
../Core/Src/main.c:828:13:MX_TIM7_Init	16	static
../Core/Src/main.c:866:13:MX_TIM10_Init	40	static
../Core/Src/main.c:912:13:MX_USART3_UART_Init	8	static
../Core/Src/main.c:943:13:MX_DMA_Init	16	static
../Core/Src/main.c:967:13:MX_GPIO_Init	56	static
../Core/Src/main.c:1049:6:Error_Handler	4	static,ignoring_inline_asm
