../Core/Src/main.c:85:5:_write	24	static
../Core/Src/main.c:90:6:HAL_UART_RxCpltCallback	16	static
../Core/Src/main.c:107:6:HAL_TIM_PeriodElapsedCallback	16	static
../Core/Src/main.c:118:6:HAL_GPIO_EXTI_Callback	16	static
../Core/Src/main.c:143:5:main	88	static
../Core/Src/main.c:268:6:SystemClock_Config	88	static
../Core/Src/main.c:313:13:MX_NVIC_Init	8	static
../Core/Src/main.c:337:13:MX_ADC1_Init	24	static
../Core/Src/main.c:416:13:MX_DAC_Init	16	static
../Core/Src/main.c:456:13:MX_I2C1_Init	8	static
../Core/Src/main.c:490:13:MX_TIM2_Init	64	static
../Core/Src/main.c:549:13:MX_TIM3_Init	64	static
../Core/Src/main.c:618:13:MX_TIM4_Init	64	static
../Core/Src/main.c:687:13:MX_TIM5_Init	64	static
../Core/Src/main.c:751:13:MX_TIM7_Init	16	static
../Core/Src/main.c:789:13:MX_TIM10_Init	40	static
../Core/Src/main.c:835:13:MX_USART3_UART_Init	8	static
../Core/Src/main.c:866:13:MX_DMA_Init	16	static
../Core/Src/main.c:884:13:MX_GPIO_Init	56	static
../Core/Src/main.c:941:6:Error_Handler	4	static,ignoring_inline_asm
