../Core/Src/main.c:63:5:_write	24	static
../Core/Src/main.c:68:6:HAL_UART_RxCpltCallback	16	static
../Core/Src/main.c:85:6:HAL_TIM_PeriodElapsedCallback	16	static
../Core/Src/main.c:106:5:main	32	static
../Core/Src/main.c:174:6:SystemClock_Config	88	static
../Core/Src/main.c:216:13:MX_NVIC_Init	8	static
../Core/Src/main.c:230:13:MX_TIM7_Init	16	static
../Core/Src/main.c:266:13:MX_USART3_UART_Init	8	static
../Core/Src/main.c:297:13:MX_GPIO_Init	48	static
../Core/Src/main.c:384:6:Error_Handler	4	static,ignoring_inline_asm
