../Core/Src/main.c:114:5:_write	24	static
../Core/Src/main.c:120:6:HAL_UART_RxCpltCallback	16	static
../Core/Src/main.c:143:6:HAL_TIM_PeriodElapsedCallback	16	static
../Core/Src/main.c:155:6:HAL_GPIO_EXTI_Callback	16	static
../Core/Src/main.c:175:6:HAL_CAN_RxFifo0MsgPendingCallback	16	static
../Core/Src/main.c:194:5:main	56	static
../Core/Src/main.c:464:6:SystemClock_Config	88	static
../Core/Src/main.c:508:13:MX_NVIC_Init	8	static
../Core/Src/main.c:532:13:MX_ADC1_Init	24	static
../Core/Src/main.c:611:13:MX_CAN1_Init	8	static
../Core/Src/main.c:648:13:MX_I2C1_Init	8	static
../Core/Src/main.c:682:13:MX_SDIO_SD_Init	4	static
../Core/Src/main.c:710:13:MX_SPI2_Init	8	static
../Core/Src/main.c:748:13:MX_TIM2_Init	64	static
../Core/Src/main.c:807:13:MX_TIM3_Init	64	static
../Core/Src/main.c:876:13:MX_TIM4_Init	64	static
../Core/Src/main.c:945:13:MX_TIM5_Init	64	static
../Core/Src/main.c:1009:13:MX_TIM7_Init	16	static
../Core/Src/main.c:1047:13:MX_TIM10_Init	40	static
../Core/Src/main.c:1093:13:MX_USART3_UART_Init	8	static
../Core/Src/main.c:1124:13:MX_DMA_Init	16	static
../Core/Src/main.c:1148:13:MX_GPIO_Init	56	static
../Core/Src/main.c:1229:6:Error_Handler	4	static,ignoring_inline_asm
