../Core/Src/main.c:87:5:_write	24	static
../Core/Src/main.c:92:6:HAL_UART_RxCpltCallback	16	static
../Core/Src/main.c:109:6:HAL_TIM_PeriodElapsedCallback	16	static
../Core/Src/main.c:120:6:HAL_GPIO_EXTI_Callback	16	static
../Core/Src/main.c:145:5:main	64	static
../Core/Src/main.c:284:6:SystemClock_Config	88	static
../Core/Src/main.c:326:13:MX_NVIC_Init	8	static
../Core/Src/main.c:349:13:MX_ADC1_Init	24	static
../Core/Src/main.c:422:13:MX_I2C1_Init	8	static
../Core/Src/main.c:454:13:MX_SPI2_Init	8	static
../Core/Src/main.c:490:13:MX_TIM2_Init	64	static
../Core/Src/main.c:545:13:MX_TIM3_Init	64	static
../Core/Src/main.c:610:13:MX_TIM4_Init	64	static
../Core/Src/main.c:675:13:MX_TIM5_Init	64	static
../Core/Src/main.c:735:13:MX_TIM7_Init	16	static
../Core/Src/main.c:771:13:MX_TIM10_Init	40	static
../Core/Src/main.c:814:13:MX_USART3_UART_Init	8	static
../Core/Src/main.c:843:13:MX_DMA_Init	16	static
../Core/Src/main.c:860:13:MX_GPIO_Init	56	static
../Core/Src/main.c:943:6:Error_Handler	4	static,ignoring_inline_asm
