18:32:05 **** Incremental Build of configuration Debug for project 13_SDIO_FATFS ****
make -j16 all 
arm-none-eabi-gcc "../Core/Src/main.c" -mcpu=cortex-m4 -std=gnu11 -g3 -DDEBUG -DUSE_HAL_DRIVER -DSTM32F407xx -c -I../Core/Inc -I../Drivers/STM32F4xx_HAL_Driver/Inc -I../Drivers/STM32F4xx_HAL_Driver/Inc/Legacy -I../Drivers/CMSIS/Device/ST/STM32F4xx/Include -I../Drivers/CMSIS/Include -I../FATFS/Target -I../FATFS/App -I../Middlewares/Third_Party/FatFs/src -O0 -ffunction-sections -fdata-sections -Wall -fstack-usage -fcyclomatic-complexity -MMD -MP -MF"Core/Src/main.d" -MT"Core/Src/main.o" --specs=nano.specs -mfpu=fpv4-sp-d16 -mfloat-abi=hard -mthumb -o "Core/Src/main.o"
../Core/Src/main.c: In function '_write':
../Core/Src/main.c:95:36: warning: pointer targets in passing argument 2 of 'HAL_UART_Transmit' differ in signedness [-Wpointer-sign]
   95 |         HAL_UART_Transmit(&huart3, p, len, 10);
      |                                    ^
      |                                    |
      |                                    char *
In file included from ../Core/Inc/stm32f4xx_hal_conf.h:411,
                 from ../Drivers/STM32F4xx_HAL_Driver/Inc/stm32f4xx_hal.h:29,
                 from ../Core/Inc/main.h:30,
                 from ../Core/Src/main.c:20:
../Drivers/STM32F4xx_HAL_Driver/Inc/stm32f4xx_hal_uart.h:722:79: note: expected 'const uint8_t *' {aka 'const unsigned char *'} but argument is of type 'char *'
  722 | HAL_StatusTypeDef HAL_UART_Transmit(UART_HandleTypeDef *huart, const uint8_t *pData, uint16_t Size, uint32_t Timeout);
      |                                                                ~~~~~~~~~~~~~~~^~~~~
../Core/Src/main.c: In function 'HAL_TIM_PeriodElapsedCallback':
../Core/Src/main.c:124:30: warning: unused variable 'cnt' [-Wunused-variable]
  124 |         static unsigned char cnt = 0;
      |                              ^~~
../Core/Src/main.c: In function 'main':
../Core/Src/main.c:240:25: warning: pointer targets in passing argument 3 of 'CLCD_Puts' differ in signedness [-Wpointer-sign]
  240 |         CLCD_Puts(0, 0, "Welcome to");
      |                         ^~~~~~~~~~~~
      |                         |
      |                         char *
In file included from ../Core/Src/main.c:27:
../Core/Inc/CLCD.h:57:65: note: expected 'unsigned char *' but argument is of type 'char *'
   57 | void CLCD_Puts(unsigned char x, unsigned char y, unsigned char *str);
      |                                                  ~~~~~~~~~~~~~~~^~~
../Core/Src/main.c:241:25: warning: pointer targets in passing argument 3 of 'CLCD_Puts' differ in signedness [-Wpointer-sign]
  241 |         CLCD_Puts(0, 1, "Kkang Home");
      |                         ^~~~~~~~~~~~
      |                         |
      |                         char *
In file included from ../Core/Src/main.c:27:
../Core/Inc/CLCD.h:57:65: note: expected 'unsigned char *' but argument is of type 'char *'
   57 | void CLCD_Puts(unsigned char x, unsigned char y, unsigned char *str);
      |                                                  ~~~~~~~~~~~~~~~^~~
../Core/Src/main.c:266:25: warning: pointer targets in passing argument 1 of 'sprintf' differ in signedness [-Wpointer-sign]
  266 |                 sprintf(str, "f_mount OK %d", retSD);
      |                         ^~~
      |                         |
      |                         uint8_t * {aka unsigned char *}
In file included from ../Core/Src/main.c:25:
C:\ST\STM32CubeIDE_1.13.2\STM32CubeIDE\plugins\com.st.stm32cube.ide.mcu.externaltools.gnu-tools-for-stm32.11.3.rel1.win32_1.1.1.202309131626\tools\bin/../lib/gcc/arm-none-eabi/11.3.1/../../../../arm-none-eabi/include/stdio.h:254:18: note: expected 'char * restrict' but argument is of type 'uint8_t *' {aka 'unsigned char *'}
  254 | int     sprintf (char *__restrict, const char *__restrict, ...)
      |                  ^
../Core/Src/main.c:271:25: warning: pointer targets in passing argument 1 of 'sprintf' differ in signedness [-Wpointer-sign]
  271 |                 sprintf(str, "f_mount failed %d", retSD);
      |                         ^~~
      |                         |
      |                         uint8_t * {aka unsigned char *}
In file included from ../Core/Src/main.c:25:
C:\ST\STM32CubeIDE_1.13.2\STM32CubeIDE\plugins\com.st.stm32cube.ide.mcu.externaltools.gnu-tools-for-stm32.11.3.rel1.win32_1.1.1.202309131626\tools\bin/../lib/gcc/arm-none-eabi/11.3.1/../../../../arm-none-eabi/include/stdio.h:254:18: note: expected 'char * restrict' but argument is of type 'uint8_t *' {aka 'unsigned char *'}
  254 | int     sprintf (char *__restrict, const char *__restrict, ...)
      |                  ^
../Core/Src/main.c:293:42: warning: passing argument 4 of 'f_read' from incompatible pointer type [-Wincompatible-pointer-types]
  293 |                 f_read(&SDFile, buf, 32, &br);
      |                                          ^~~
      |                                          |
      |                                          uint32_t * {aka long unsigned int *}
In file included from ../FATFS/App/fatfs.h:26,
                 from ../Core/Src/main.c:21:
../Middlewares/Third_Party/FatFs/src/ff.h:244:54: note: expected 'UINT *' {aka 'unsigned int *'} but argument is of type 'uint32_t *' {aka 'long unsigned int *'}
  244 | FRESULT f_read (FIL* fp, void* buff, UINT btr, UINT* br);                       /* Read data from the file */
      |                                                ~~~~~~^~
../Core/Src/main.c:294:25: warning: pointer targets in passing argument 1 of 'sprintf' differ in signedness [-Wpointer-sign]
  294 |                 sprintf(str, "%s", buf);
      |                         ^~~
      |                         |
      |                         uint8_t * {aka unsigned char *}
In file included from ../Core/Src/main.c:25:
C:\ST\STM32CubeIDE_1.13.2\STM32CubeIDE\plugins\com.st.stm32cube.ide.mcu.externaltools.gnu-tools-for-stm32.11.3.rel1.win32_1.1.1.202309131626\tools\bin/../lib/gcc/arm-none-eabi/11.3.1/../../../../arm-none-eabi/include/stdio.h:254:18: note: expected 'char * restrict' but argument is of type 'uint8_t *' {aka 'unsigned char *'}
  254 | int     sprintf (char *__restrict, const char *__restrict, ...)
      |                  ^
../Core/Src/main.c:297:25: warning: pointer targets in passing argument 1 of 'sprintf' differ in signedness [-Wpointer-sign]
  297 |                 sprintf(str, "%s", br);
      |                         ^~~
      |                         |
      |                         uint8_t * {aka unsigned char *}
In file included from ../Core/Src/main.c:25:
C:\ST\STM32CubeIDE_1.13.2\STM32CubeIDE\plugins\com.st.stm32cube.ide.mcu.externaltools.gnu-tools-for-stm32.11.3.rel1.win32_1.1.1.202309131626\tools\bin/../lib/gcc/arm-none-eabi/11.3.1/../../../../arm-none-eabi/include/stdio.h:254:18: note: expected 'char * restrict' but argument is of type 'uint8_t *' {aka 'unsigned char *'}
  254 | int     sprintf (char *__restrict, const char *__restrict, ...)
      |                  ^
../Core/Src/main.c:297:32: warning: format '%s' expects argument of type 'char *', but argument 3 has type 'uint32_t' {aka 'long unsigned int'} [-Wformat=]
  297 |                 sprintf(str, "%s", br);
      |                               ~^   ~~
      |                                |   |
      |                                |   uint32_t {aka long unsigned int}
      |                                char *
      |                               %ld
../Core/Src/main.c:302:25: warning: pointer targets in passing argument 1 of 'sprintf' differ in signedness [-Wpointer-sign]
  302 |                 sprintf(str, "error\n");
      |                         ^~~
      |                         |
      |                         uint8_t * {aka unsigned char *}
In file included from ../Core/Src/main.c:25:
C:\ST\STM32CubeIDE_1.13.2\STM32CubeIDE\plugins\com.st.stm32cube.ide.mcu.externaltools.gnu-tools-for-stm32.11.3.rel1.win32_1.1.1.202309131626\tools\bin/../lib/gcc/arm-none-eabi/11.3.1/../../../../arm-none-eabi/include/stdio.h:254:18: note: expected 'char * restrict' but argument is of type 'uint8_t *' {aka 'unsigned char *'}
  254 | int     sprintf (char *__restrict, const char *__restrict, ...)
      |                  ^
../Core/Src/main.c:261:18: warning: unused variable 'bw' [-Wunused-variable]
  261 |         uint32_t bw, br;
      |                  ^~
../Core/Src/main.c:258:13: warning: unused variable 'i' [-Wunused-variable]
  258 |         int i = 0;
      |             ^
../Core/Src/main.c:257:17: warning: unused variable 'eeprom' [-Wunused-variable]
  257 |         uint8_t eeprom[10] = { 0x00, 0x11, 0x22, 0x33, 0x44, 0x55, 0x66, 0x77, 0x88, 0x99 };
      |                 ^~~~~~
../Core/Src/main.c:256:18: warning: unused variable 'dacval' [-Wunused-variable]
  256 |         uint16_t dacval = 0;
      |                  ^~~~~~
../Core/Src/main.c:255:17: warning: unused variable 'ud_flag' [-Wunused-variable]
  255 |         uint8_t ud_flag = 0;
      |                 ^~~~~~~
../Core/Src/main.c:254:18: warning: unused variable 'psc' [-Wunused-variable]
  254 |         uint16_t psc = 1000;
      |                  ^~~
../Core/Src/main.c:253:18: warning: unused variable 'arr' [-Wunused-variable]
  253 |         uint16_t arr = 1000;
      |                  ^~~
../Core/Src/main.c:252:18: warning: unused variable 'ccr' [-Wunused-variable]
  252 |         uint16_t ccr = 0;
      |                  ^~~
../Core/Src/main.c:250:17: warning: unused variable 'a' [-Wunused-variable]
  250 |         uint8_t a = 0;
      |                 ^
../Core/Src/main.c:163:27: warning: unused variable 'adcval' [-Wunused-variable]
  163 |         volatile uint16_t adcval[4];
      |                           ^~~~~~
../Core/Src/main.c:294:31: warning: '%s' directive writing up to 31 bytes into a region of size 20 [-Wformat-overflow=]
  294 |                 sprintf(str, "%s", buf);
      |                               ^~   ~~~
../Core/Src/main.c:294:17: note: 'sprintf' output between 1 and 32 bytes into a destination of size 20
  294 |                 sprintf(str, "%s", buf);
      |                 ^~~~~~~~~~~~~~~~~~~~~~~
At top level:
../Core/Src/main.c:124:30: warning: 'cnt' defined but not used [-Wunused-variable]
  124 |         static unsigned char cnt = 0;
      |                              ^~~
arm-none-eabi-gcc -o "13_SDIO_FATFS.elf" @"objects.list"   -mcpu=cortex-m4 -T"C:\Users\KkangJun\Desktop\STMStudy\13_SDIO_FATFS\STM32F407VETX_FLASH.ld" --specs=nosys.specs -Wl,-Map="13_SDIO_FATFS.map" -Wl,--gc-sections -static -u _printf_float --specs=nano.specs -mfpu=fpv4-sp-d16 -mfloat-abi=hard -mthumb -Wl,--start-group -lc -lm -Wl,--end-group
Finished building target: 13_SDIO_FATFS.elf
 
arm-none-eabi-size   13_SDIO_FATFS.elf 
arm-none-eabi-objdump -h -S  13_SDIO_FATFS.elf  > "13_SDIO_FATFS.list"
   text	   data	    bss	    dec	    hex	filename
  64276	    576	   4864	  69716	  11054	13_SDIO_FATFS.elf
Finished building: default.size.stdout
 
Finished building: 13_SDIO_FATFS.list
 

18:32:06 Build Finished. 0 errors, 23 warnings. (took 1s.2ms)

