10:46:29 **** Incremental Build of configuration Debug for project 13a_MP3_Player ****
make -j16 all 
arm-none-eabi-gcc "../Core/Src/main.c" -mcpu=cortex-m4 -std=gnu11 -g3 -DDEBUG -DUSE_HAL_DRIVER -DSTM32F407xx -c -I../Core/Inc -I../Drivers/STM32F4xx_HAL_Driver/Inc -I../Drivers/STM32F4xx_HAL_Driver/Inc/Legacy -I../Drivers/CMSIS/Device/ST/STM32F4xx/Include -I../Drivers/CMSIS/Include -I../FATFS/Target -I../FATFS/App -I../Middlewares/Third_Party/FatFs/src -O0 -ffunction-sections -fdata-sections -Wall -fstack-usage -fcyclomatic-complexity -MMD -MP -MF"Core/Src/main.d" -MT"Core/Src/main.o" --specs=nano.specs -mfpu=fpv4-sp-d16 -mfloat-abi=hard -mthumb -o "Core/Src/main.o"
../Core/Src/main.c: In function '_write':
../Core/Src/main.c:100:36: warning: pointer targets in passing argument 2 of 'HAL_UART_Transmit' differ in signedness [-Wpointer-sign]
  100 |         HAL_UART_Transmit(&huart3, p, len, 10);
      |                                    ^
      |                                    |
      |                                    char *
In file included from ../Core/Inc/stm32f4xx_hal_conf.h:411,
                 from ../Drivers/STM32F4xx_HAL_Driver/Inc/stm32f4xx_hal.h:29,
                 from ../Core/Inc/main.h:30,
                 from ../Core/Src/main.c:20:
../Drivers/STM32F4xx_HAL_Driver/Inc/stm32f4xx_hal_uart.h:722:79: note: expected 'const uint8_t *' {aka 'const unsigned char *'} but argument is of type 'char *'
  722 | HAL_StatusTypeDef HAL_UART_Transmit(UART_HandleTypeDef *huart, const uint8_t *pData, uint16_t Size, uint32_t Timeout);
      |                                                                ~~~~~~~~~~~~~~~^~~~~
../Core/Src/main.c: In function 'HAL_TIM_PeriodElapsedCallback':
../Core/Src/main.c:129:30: warning: unused variable 'cnt' [-Wunused-variable]
  129 |         static unsigned char cnt = 0;
      |                              ^~~
../Core/Src/main.c: In function 'main':
../Core/Src/main.c:249:25: warning: pointer targets in passing argument 3 of 'CLCD_Puts' differ in signedness [-Wpointer-sign]
  249 |         CLCD_Puts(0, 0, "Welcome to");
      |                         ^~~~~~~~~~~~
      |                         |
      |                         char *
In file included from ../Core/Src/main.c:27:
../Core/Inc/CLCD.h:57:65: note: expected 'unsigned char *' but argument is of type 'char *'
   57 | void CLCD_Puts(unsigned char x, unsigned char y, unsigned char *str);
      |                                                  ~~~~~~~~~~~~~~~^~~
../Core/Src/main.c:250:25: warning: pointer targets in passing argument 3 of 'CLCD_Puts' differ in signedness [-Wpointer-sign]
  250 |         CLCD_Puts(0, 1, "Kkang Home");
      |                         ^~~~~~~~~~~~
      |                         |
      |                         char *
In file included from ../Core/Src/main.c:27:
../Core/Inc/CLCD.h:57:65: note: expected 'unsigned char *' but argument is of type 'char *'
   57 | void CLCD_Puts(unsigned char x, unsigned char y, unsigned char *str);
      |                                                  ~~~~~~~~~~~~~~~^~~
../Core/Src/main.c:276:25: warning: pointer targets in passing argument 1 of 'sprintf' differ in signedness [-Wpointer-sign]
  276 |                 sprintf(str, "f_mount OK %d", retSD);
      |                         ^~~
      |                         |
      |                         uint8_t * {aka unsigned char *}
In file included from ../Core/Src/main.c:25:
C:\ST\STM32CubeIDE_1.13.2\STM32CubeIDE\plugins\com.st.stm32cube.ide.mcu.externaltools.gnu-tools-for-stm32.11.3.rel1.win32_1.1.1.202309131626\tools\bin/../lib/gcc/arm-none-eabi/11.3.1/../../../../arm-none-eabi/include/stdio.h:254:18: note: expected 'char * restrict' but argument is of type 'uint8_t *' {aka 'unsigned char *'}
  254 | int     sprintf (char *__restrict, const char *__restrict, ...)
      |                  ^
../Core/Src/main.c:281:25: warning: pointer targets in passing argument 1 of 'sprintf' differ in signedness [-Wpointer-sign]
  281 |                 sprintf(str, "f_mount failed %d", retSD);
      |                         ^~~
      |                         |
      |                         uint8_t * {aka unsigned char *}
In file included from ../Core/Src/main.c:25:
C:\ST\STM32CubeIDE_1.13.2\STM32CubeIDE\plugins\com.st.stm32cube.ide.mcu.externaltools.gnu-tools-for-stm32.11.3.rel1.win32_1.1.1.202309131626\tools\bin/../lib/gcc/arm-none-eabi/11.3.1/../../../../arm-none-eabi/include/stdio.h:254:18: note: expected 'char * restrict' but argument is of type 'uint8_t *' {aka 'unsigned char *'}
  254 | int     sprintf (char *__restrict, const char *__restrict, ...)
      |                  ^
../Core/Src/main.c:289:38: warning: pointer targets in passing argument 2 of 'f_open' differ in signedness [-Wpointer-sign]
  289 |         if ((retSD = f_open(&SDFile, filename, FA_OPEN_EXISTING | FA_READ)) == FR_OK)
      |                                      ^~~~~~~~
      |                                      |
      |                                      unsigned char *
In file included from ../FATFS/App/fatfs.h:26,
                 from ../Core/Src/main.c:21:
../Middlewares/Third_Party/FatFs/src/ff.h:242:39: note: expected 'const TCHAR *' {aka 'const char *'} but argument is of type 'unsigned char *'
  242 | FRESULT f_open (FIL* fp, const TCHAR* path, BYTE mode);                         /* Open or create a file */
      |                          ~~~~~~~~~~~~~^~~~
../Core/Src/main.c:292:25: warning: pointer targets in passing argument 1 of 'sprintf' differ in signedness [-Wpointer-sign]
  292 |                 sprintf(str, "%s opened", filename);
      |                         ^~~
      |                         |
      |                         uint8_t * {aka unsigned char *}
In file included from ../Core/Src/main.c:25:
C:\ST\STM32CubeIDE_1.13.2\STM32CubeIDE\plugins\com.st.stm32cube.ide.mcu.externaltools.gnu-tools-for-stm32.11.3.rel1.win32_1.1.1.202309131626\tools\bin/../lib/gcc/arm-none-eabi/11.3.1/../../../../arm-none-eabi/include/stdio.h:254:18: note: expected 'char * restrict' but argument is of type 'uint8_t *' {aka 'unsigned char *'}
  254 | int     sprintf (char *__restrict, const char *__restrict, ...)
      |                  ^
../Core/Src/main.c:297:25: warning: pointer targets in passing argument 1 of 'sprintf' differ in signedness [-Wpointer-sign]
  297 |                 sprintf(str, "open error %d\n", retSD);
      |                         ^~~
      |                         |
      |                         uint8_t * {aka unsigned char *}
In file included from ../Core/Src/main.c:25:
C:\ST\STM32CubeIDE_1.13.2\STM32CubeIDE\plugins\com.st.stm32cube.ide.mcu.externaltools.gnu-tools-for-stm32.11.3.rel1.win32_1.1.1.202309131626\tools\bin/../lib/gcc/arm-none-eabi/11.3.1/../../../../arm-none-eabi/include/stdio.h:254:18: note: expected 'char * restrict' but argument is of type 'uint8_t *' {aka 'unsigned char *'}
  254 | int     sprintf (char *__restrict, const char *__restrict, ...)
      |                  ^
../Core/Src/main.c:307:58: warning: passing argument 4 of 'f_read' from incompatible pointer type [-Wincompatible-pointer-types]
  307 |                                 f_read(&SDFile, buf, 32, &br);
      |                                                          ^~~
      |                                                          |
      |                                                          uint32_t * {aka long unsigned int *}
In file included from ../FATFS/App/fatfs.h:26,
                 from ../Core/Src/main.c:21:
../Middlewares/Third_Party/FatFs/src/ff.h:244:54: note: expected 'UINT *' {aka 'unsigned int *'} but argument is of type 'uint32_t *' {aka 'long unsigned int *'}
  244 | FRESULT f_read (FIL* fp, void* buff, UINT btr, UINT* br);                       /* Read data from the file */
      |                                                ~~~~~~^~
../Core/Src/main.c:328:48: warning: pointer targets in passing argument 1 of 'strcpy' differ in signedness [-Wpointer-sign]
  328 |                                         strcpy(filename, "0:/1.mp3");
      |                                                ^~~~~~~~
      |                                                |
      |                                                unsigned char *
In file included from ../Core/Src/main.c:26:
C:\ST\STM32CubeIDE_1.13.2\STM32CubeIDE\plugins\com.st.stm32cube.ide.mcu.externaltools.gnu-tools-for-stm32.11.3.rel1.win32_1.1.1.202309131626\tools\bin/../lib/gcc/arm-none-eabi/11.3.1/../../../../arm-none-eabi/include/string.h:38:18: note: expected 'char * restrict' but argument is of type 'unsigned char *'
   38 | char    *strcpy (char *__restrict, const char *__restrict);
      |                  ^
../Core/Src/main.c:331:48: warning: pointer targets in passing argument 1 of 'strcpy' differ in signedness [-Wpointer-sign]
  331 |                                         strcpy(filename, "0:/2.mp3");
      |                                                ^~~~~~~~
      |                                                |
      |                                                unsigned char *
In file included from ../Core/Src/main.c:26:
C:\ST\STM32CubeIDE_1.13.2\STM32CubeIDE\plugins\com.st.stm32cube.ide.mcu.externaltools.gnu-tools-for-stm32.11.3.rel1.win32_1.1.1.202309131626\tools\bin/../lib/gcc/arm-none-eabi/11.3.1/../../../../arm-none-eabi/include/string.h:38:18: note: expected 'char * restrict' but argument is of type 'unsigned char *'
   38 | char    *strcpy (char *__restrict, const char *__restrict);
      |                  ^
../Core/Src/main.c:334:48: warning: pointer targets in passing argument 1 of 'strcpy' differ in signedness [-Wpointer-sign]
  334 |                                         strcpy(filename, "0:/3.mp3");
      |                                                ^~~~~~~~
      |                                                |
      |                                                unsigned char *
In file included from ../Core/Src/main.c:26:
C:\ST\STM32CubeIDE_1.13.2\STM32CubeIDE\plugins\com.st.stm32cube.ide.mcu.externaltools.gnu-tools-for-stm32.11.3.rel1.win32_1.1.1.202309131626\tools\bin/../lib/gcc/arm-none-eabi/11.3.1/../../../../arm-none-eabi/include/string.h:38:18: note: expected 'char * restrict' but argument is of type 'unsigned char *'
   38 | char    *strcpy (char *__restrict, const char *__restrict);
      |                  ^
../Core/Src/main.c:340:54: warning: pointer targets in passing argument 2 of 'f_open' differ in signedness [-Wpointer-sign]
  340 |                         if ((retSD = f_open(&SDFile, filename, FA_OPEN_EXISTING | FA_READ)) == FR_OK)
      |                                                      ^~~~~~~~
      |                                                      |
      |                                                      unsigned char *
In file included from ../FATFS/App/fatfs.h:26,
                 from ../Core/Src/main.c:21:
../Middlewares/Third_Party/FatFs/src/ff.h:242:39: note: expected 'const TCHAR *' {aka 'const char *'} but argument is of type 'unsigned char *'
  242 | FRESULT f_open (FIL* fp, const TCHAR* path, BYTE mode);                         /* Open or create a file */
      |                          ~~~~~~~~~~~~~^~~~
../Core/Src/main.c:343:41: warning: pointer targets in passing argument 1 of 'sprintf' differ in signedness [-Wpointer-sign]
  343 |                                 sprintf(str, "%s opened", filename);
      |                                         ^~~
      |                                         |
      |                                         uint8_t * {aka unsigned char *}
In file included from ../Core/Src/main.c:25:
C:\ST\STM32CubeIDE_1.13.2\STM32CubeIDE\plugins\com.st.stm32cube.ide.mcu.externaltools.gnu-tools-for-stm32.11.3.rel1.win32_1.1.1.202309131626\tools\bin/../lib/gcc/arm-none-eabi/11.3.1/../../../../arm-none-eabi/include/stdio.h:254:18: note: expected 'char * restrict' but argument is of type 'uint8_t *' {aka 'unsigned char *'}
  254 | int     sprintf (char *__restrict, const char *__restrict, ...)
      |                  ^
../Core/Src/main.c:348:41: warning: pointer targets in passing argument 1 of 'sprintf' differ in signedness [-Wpointer-sign]
  348 |                                 sprintf(str, "open error %d\n", retSD);
      |                                         ^~~
      |                                         |
      |                                         uint8_t * {aka unsigned char *}
In file included from ../Core/Src/main.c:25:
C:\ST\STM32CubeIDE_1.13.2\STM32CubeIDE\plugins\com.st.stm32cube.ide.mcu.externaltools.gnu-tools-for-stm32.11.3.rel1.win32_1.1.1.202309131626\tools\bin/../lib/gcc/arm-none-eabi/11.3.1/../../../../arm-none-eabi/include/stdio.h:254:18: note: expected 'char * restrict' but argument is of type 'uint8_t *' {aka 'unsigned char *'}
  254 | int     sprintf (char *__restrict, const char *__restrict, ...)
      |                  ^
../Core/Src/main.c:362:49: warning: pointer targets in passing argument 3 of 'CLCD_Puts' differ in signedness [-Wpointer-sign]
  362 |                                 CLCD_Puts(0, 1, "paused");
      |                                                 ^~~~~~~~
      |                                                 |
      |                                                 char *
In file included from ../Core/Src/main.c:27:
../Core/Inc/CLCD.h:57:65: note: expected 'unsigned char *' but argument is of type 'char *'
   57 | void CLCD_Puts(unsigned char x, unsigned char y, unsigned char *str);
      |                                                  ~~~~~~~~~~~~~~~^~~
../Core/Src/main.c:367:49: warning: pointer targets in passing argument 3 of 'CLCD_Puts' differ in signedness [-Wpointer-sign]
  367 |                                 CLCD_Puts(0, 1, "playing");
      |                                                 ^~~~~~~~~
      |                                                 |
      |                                                 char *
In file included from ../Core/Src/main.c:27:
../Core/Inc/CLCD.h:57:65: note: expected 'unsigned char *' but argument is of type 'char *'
   57 | void CLCD_Puts(unsigned char x, unsigned char y, unsigned char *str);
      |                                                  ~~~~~~~~~~~~~~~^~~
../Core/Src/main.c:380:48: warning: pointer targets in passing argument 1 of 'strcpy' differ in signedness [-Wpointer-sign]
  380 |                                         strcpy(filename, "0:/1.mp3");
      |                                                ^~~~~~~~
      |                                                |
      |                                                unsigned char *
In file included from ../Core/Src/main.c:26:
C:\ST\STM32CubeIDE_1.13.2\STM32CubeIDE\plugins\com.st.stm32cube.ide.mcu.externaltools.gnu-tools-for-stm32.11.3.rel1.win32_1.1.1.202309131626\tools\bin/../lib/gcc/arm-none-eabi/11.3.1/../../../../arm-none-eabi/include/string.h:38:18: note: expected 'char * restrict' but argument is of type 'unsigned char *'
   38 | char    *strcpy (char *__restrict, const char *__restrict);
      |                  ^
../Core/Src/main.c:383:48: warning: pointer targets in passing argument 1 of 'strcpy' differ in signedness [-Wpointer-sign]
  383 |                                         strcpy(filename, "0:/2.mp3");
      |                                                ^~~~~~~~
      |                                                |
      |                                                unsigned char *
In file included from ../Core/Src/main.c:26:
C:\ST\STM32CubeIDE_1.13.2\STM32CubeIDE\plugins\com.st.stm32cube.ide.mcu.externaltools.gnu-tools-for-stm32.11.3.rel1.win32_1.1.1.202309131626\tools\bin/../lib/gcc/arm-none-eabi/11.3.1/../../../../arm-none-eabi/include/string.h:38:18: note: expected 'char * restrict' but argument is of type 'unsigned char *'
   38 | char    *strcpy (char *__restrict, const char *__restrict);
      |                  ^
../Core/Src/main.c:386:48: warning: pointer targets in passing argument 1 of 'strcpy' differ in signedness [-Wpointer-sign]
  386 |                                         strcpy(filename, "0:/3.mp3");
      |                                                ^~~~~~~~
      |                                                |
      |                                                unsigned char *
In file included from ../Core/Src/main.c:26:
C:\ST\STM32CubeIDE_1.13.2\STM32CubeIDE\plugins\com.st.stm32cube.ide.mcu.externaltools.gnu-tools-for-stm32.11.3.rel1.win32_1.1.1.202309131626\tools\bin/../lib/gcc/arm-none-eabi/11.3.1/../../../../arm-none-eabi/include/string.h:38:18: note: expected 'char * restrict' but argument is of type 'unsigned char *'
   38 | char    *strcpy (char *__restrict, const char *__restrict);
      |                  ^
../Core/Src/main.c:392:54: warning: pointer targets in passing argument 2 of 'f_open' differ in signedness [-Wpointer-sign]
  392 |                         if ((retSD = f_open(&SDFile, filename, FA_OPEN_EXISTING | FA_READ)) == FR_OK)
      |                                                      ^~~~~~~~
      |                                                      |
      |                                                      unsigned char *
In file included from ../FATFS/App/fatfs.h:26,
                 from ../Core/Src/main.c:21:
../Middlewares/Third_Party/FatFs/src/ff.h:242:39: note: expected 'const TCHAR *' {aka 'const char *'} but argument is of type 'unsigned char *'
  242 | FRESULT f_open (FIL* fp, const TCHAR* path, BYTE mode);                         /* Open or create a file */
      |                          ~~~~~~~~~~~~~^~~~
../Core/Src/main.c:395:41: warning: pointer targets in passing argument 1 of 'sprintf' differ in signedness [-Wpointer-sign]
  395 |                                 sprintf(str, "%s opened", filename);
      |                                         ^~~
      |                                         |
      |                                         uint8_t * {aka unsigned char *}
In file included from ../Core/Src/main.c:25:
C:\ST\STM32CubeIDE_1.13.2\STM32CubeIDE\plugins\com.st.stm32cube.ide.mcu.externaltools.gnu-tools-for-stm32.11.3.rel1.win32_1.1.1.202309131626\tools\bin/../lib/gcc/arm-none-eabi/11.3.1/../../../../arm-none-eabi/include/stdio.h:254:18: note: expected 'char * restrict' but argument is of type 'uint8_t *' {aka 'unsigned char *'}
  254 | int     sprintf (char *__restrict, const char *__restrict, ...)
      |                  ^
../Core/Src/main.c:400:41: warning: pointer targets in passing argument 1 of 'sprintf' differ in signedness [-Wpointer-sign]
  400 |                                 sprintf(str, "open error %d\n", retSD);
      |                                         ^~~
      |                                         |
      |                                         uint8_t * {aka unsigned char *}
In file included from ../Core/Src/main.c:25:
C:\ST\STM32CubeIDE_1.13.2\STM32CubeIDE\plugins\com.st.stm32cube.ide.mcu.externaltools.gnu-tools-for-stm32.11.3.rel1.win32_1.1.1.202309131626\tools\bin/../lib/gcc/arm-none-eabi/11.3.1/../../../../arm-none-eabi/include/stdio.h:254:18: note: expected 'char * restrict' but argument is of type 'uint8_t *' {aka 'unsigned char *'}
  254 | int     sprintf (char *__restrict, const char *__restrict, ...)
      |                  ^
../Core/Src/main.c:270:18: warning: unused variable 'bw' [-Wunused-variable]
  270 |         uint32_t bw, br;
      |                  ^~
../Core/Src/main.c:267:13: warning: unused variable 'i' [-Wunused-variable]
  267 |         int i = 0;
      |             ^
../Core/Src/main.c:266:17: warning: unused variable 'eeprom' [-Wunused-variable]
  266 |         uint8_t eeprom[10] = { 0x00, 0x11, 0x22, 0x33, 0x44, 0x55, 0x66, 0x77, 0x88, 0x99 };
      |                 ^~~~~~
../Core/Src/main.c:265:18: warning: unused variable 'dacval' [-Wunused-variable]
  265 |         uint16_t dacval = 0;
      |                  ^~~~~~
../Core/Src/main.c:264:17: warning: unused variable 'ud_flag' [-Wunused-variable]
  264 |         uint8_t ud_flag = 0;
      |                 ^~~~~~~
../Core/Src/main.c:263:18: warning: unused variable 'psc' [-Wunused-variable]
  263 |         uint16_t psc = 1000;
      |                  ^~~
../Core/Src/main.c:262:18: warning: unused variable 'arr' [-Wunused-variable]
  262 |         uint16_t arr = 1000;
      |                  ^~~
../Core/Src/main.c:261:18: warning: unused variable 'ccr' [-Wunused-variable]
  261 |         uint16_t ccr = 0;
      |                  ^~~
../Core/Src/main.c:259:17: warning: unused variable 'a' [-Wunused-variable]
  259 |         uint8_t a = 0;
      |                 ^
../Core/Src/main.c:172:27: warning: unused variable 'adcval' [-Wunused-variable]
  172 |         volatile uint16_t adcval[4];
      |                           ^~~~~~
../Core/Src/main.c:292:33: warning: ' opened' directive writing 7 bytes into a region of size between 1 and 20 [-Wformat-overflow=]
  292 |                 sprintf(str, "%s opened", filename);
      |                                 ^~~~~~~
../Core/Src/main.c:292:17: note: 'sprintf' output between 8 and 27 bytes into a destination of size 20
  292 |                 sprintf(str, "%s opened", filename);
      |                 ^~~~~~~~~~~~~~~~~~~~~~~~~~~~~~~~~~~
../Core/Src/main.c:343:49: warning: ' opened' directive writing 7 bytes into a region of size between 1 and 20 [-Wformat-overflow=]
  343 |                                 sprintf(str, "%s opened", filename);
      |                                                 ^~~~~~~
../Core/Src/main.c:343:33: note: 'sprintf' output between 8 and 27 bytes into a destination of size 20
  343 |                                 sprintf(str, "%s opened", filename);
      |                                 ^~~~~~~~~~~~~~~~~~~~~~~~~~~~~~~~~~~
../Core/Src/main.c:395:49: warning: ' opened' directive writing 7 bytes into a region of size between 1 and 20 [-Wformat-overflow=]
  395 |                                 sprintf(str, "%s opened", filename);
      |                                                 ^~~~~~~
../Core/Src/main.c:395:33: note: 'sprintf' output between 8 and 27 bytes into a destination of size 20
  395 |                                 sprintf(str, "%s opened", filename);
      |                                 ^~~~~~~~~~~~~~~~~~~~~~~~~~~~~~~~~~~
At top level:
../Core/Src/main.c:129:30: warning: 'cnt' defined but not used [-Wunused-variable]
  129 |         static unsigned char cnt = 0;
      |                              ^~~
arm-none-eabi-gcc -o "13a_MP3_Player.elf" @"objects.list"   -mcpu=cortex-m4 -T"C:\Users\KkangJun\Desktop\STMStudy\13a_MP3_Player\STM32F407VETX_FLASH.ld" --specs=nosys.specs -Wl,-Map="13a_MP3_Player.map" -Wl,--gc-sections -static -u _printf_float --specs=nano.specs -mfpu=fpv4-sp-d16 -mfloat-abi=hard -mthumb -Wl,--start-group -lc -lm -Wl,--end-group
Finished building target: 13a_MP3_Player.elf
 
arm-none-eabi-size   13a_MP3_Player.elf 
arm-none-eabi-objdump -h -S  13a_MP3_Player.elf  > "13a_MP3_Player.list"
   text	   data	    bss	    dec	    hex	filename
  65812	    476	   4972	  71260	  1165c	13a_MP3_Player.elf
Finished building: default.size.stdout
 
Finished building: 13a_MP3_Player.list
 

10:46:30 Build Finished. 0 errors, 38 warnings. (took 948ms)

