12:22:18 **** Incremental Build of configuration Debug for project 14_ETH_LwIP ****
make -j16 all 
arm-none-eabi-gcc "../Core/Src/main.c" -mcpu=cortex-m4 -std=gnu11 -g3 -DDEBUG -DUSE_HAL_DRIVER -DSTM32F407xx -c -I../Core/Inc -I../Drivers/STM32F4xx_HAL_Driver/Inc -I../Drivers/STM32F4xx_HAL_Driver/Inc/Legacy -I../Drivers/CMSIS/Device/ST/STM32F4xx/Include -I../Drivers/CMSIS/Include -I../FATFS/Target -I../FATFS/App -I../Middlewares/Third_Party/FatFs/src -I../LWIP/App -I../LWIP/Target -I../Middlewares/Third_Party/LwIP/src/include -I../Middlewares/Third_Party/LwIP/system -I../Drivers/BSP/Components/dp83848 -I../Middlewares/Third_Party/LwIP/src/include/netif/ppp -I../Middlewares/Third_Party/LwIP/src/include/lwip -I../Middlewares/Third_Party/LwIP/src/include/lwip/apps -I../Middlewares/Third_Party/LwIP/src/include/lwip/priv -I../Middlewares/Third_Party/LwIP/src/include/lwip/prot -I../Middlewares/Third_Party/LwIP/src/include/netif -I../Middlewares/Third_Party/LwIP/src/include/compat/posix -I../Middlewares/Third_Party/LwIP/src/include/compat/posix/arpa -I../Middlewares/Third_Party/LwIP/src/include/compat/posix/net -I../Middlewares/Third_Party/LwIP/src/include/compat/posix/sys -I../Middlewares/Third_Party/LwIP/src/include/compat/stdc -I../Middlewares/Third_Party/LwIP/system/arch -O0 -ffunction-sections -fdata-sections -Wall -fstack-usage -fcyclomatic-complexity -MMD -MP -MF"Core/Src/main.d" -MT"Core/Src/main.o" --specs=nano.specs -mfpu=fpv4-sp-d16 -mfloat-abi=hard -mthumb -o "Core/Src/main.o"
arm-none-eabi-gcc "../Core/Src/udp_echoserver.c" -mcpu=cortex-m4 -std=gnu11 -g3 -DDEBUG -DUSE_HAL_DRIVER -DSTM32F407xx -c -I../Core/Inc -I../Drivers/STM32F4xx_HAL_Driver/Inc -I../Drivers/STM32F4xx_HAL_Driver/Inc/Legacy -I../Drivers/CMSIS/Device/ST/STM32F4xx/Include -I../Drivers/CMSIS/Include -I../FATFS/Target -I../FATFS/App -I../Middlewares/Third_Party/FatFs/src -I../LWIP/App -I../LWIP/Target -I../Middlewares/Third_Party/LwIP/src/include -I../Middlewares/Third_Party/LwIP/system -I../Drivers/BSP/Components/dp83848 -I../Middlewares/Third_Party/LwIP/src/include/netif/ppp -I../Middlewares/Third_Party/LwIP/src/include/lwip -I../Middlewares/Third_Party/LwIP/src/include/lwip/apps -I../Middlewares/Third_Party/LwIP/src/include/lwip/priv -I../Middlewares/Third_Party/LwIP/src/include/lwip/prot -I../Middlewares/Third_Party/LwIP/src/include/netif -I../Middlewares/Third_Party/LwIP/src/include/compat/posix -I../Middlewares/Third_Party/LwIP/src/include/compat/posix/arpa -I../Middlewares/Third_Party/LwIP/src/include/compat/posix/net -I../Middlewares/Third_Party/LwIP/src/include/compat/posix/sys -I../Middlewares/Third_Party/LwIP/src/include/compat/stdc -I../Middlewares/Third_Party/LwIP/system/arch -O0 -ffunction-sections -fdata-sections -Wall -fstack-usage -fcyclomatic-complexity -MMD -MP -MF"Core/Src/udp_echoserver.d" -MT"Core/Src/udp_echoserver.o" --specs=nano.specs -mfpu=fpv4-sp-d16 -mfloat-abi=hard -mthumb -o "Core/Src/udp_echoserver.o"
../Core/Src/main.c: In function '_write':
../Core/Src/main.c:105:36: warning: pointer targets in passing argument 2 of 'HAL_UART_Transmit' differ in signedness [-Wpointer-sign]
  105 |         HAL_UART_Transmit(&huart3, p, len, 10);
      |                                    ^
      |                                    |
      |                                    char *
In file included from ../Core/Inc/stm32f4xx_hal_conf.h:420,
                 from ../Drivers/STM32F4xx_HAL_Driver/Inc/stm32f4xx_hal.h:29,
                 from ../Core/Inc/main.h:30,
                 from ../Core/Src/main.c:20:
../Drivers/STM32F4xx_HAL_Driver/Inc/stm32f4xx_hal_uart.h:722:79: note: expected 'const uint8_t *' {aka 'const unsigned char *'} but argument is of type 'char *'
  722 | HAL_StatusTypeDef HAL_UART_Transmit(UART_HandleTypeDef *huart, const uint8_t *pData, uint16_t Size, uint32_t Timeout);
      |                                                                ~~~~~~~~~~~~~~~^~~~~
../Core/Src/main.c: In function 'HAL_TIM_PeriodElapsedCallback':
../Core/Src/main.c:134:30: warning: unused variable 'cnt' [-Wunused-variable]
  134 |         static unsigned char cnt = 0;
      |                              ^~~
../Core/Src/main.c: In function 'main':
../Core/Src/main.c:258:25: warning: pointer targets in passing argument 3 of 'CLCD_Puts' differ in signedness [-Wpointer-sign]
  258 |         CLCD_Puts(0, 0, "Welcome to");
      |                         ^~~~~~~~~~~~
      |                         |
      |                         char *
In file included from ../Core/Src/main.c:28:
../Core/Inc/CLCD.h:57:65: note: expected 'unsigned char *' but argument is of type 'char *'
   57 | void CLCD_Puts(unsigned char x, unsigned char y, unsigned char *str);
      |                                                  ~~~~~~~~~~~~~~~^~~
../Core/Src/main.c:259:25: warning: pointer targets in passing argument 3 of 'CLCD_Puts' differ in signedness [-Wpointer-sign]
  259 |         CLCD_Puts(0, 1, "Kkang Home");
      |                         ^~~~~~~~~~~~
      |                         |
      |                         char *
In file included from ../Core/Src/main.c:28:
../Core/Inc/CLCD.h:57:65: note: expected 'unsigned char *' but argument is of type 'char *'
   57 | void CLCD_Puts(unsigned char x, unsigned char y, unsigned char *str);
      |                                                  ~~~~~~~~~~~~~~~^~~
../Core/Src/main.c:285:25: warning: pointer targets in passing argument 1 of 'sprintf' differ in signedness [-Wpointer-sign]
  285 |                 sprintf(str, "f_mount OK %d", retSD);
      |                         ^~~
      |                         |
      |                         uint8_t * {aka unsigned char *}
In file included from ../Middlewares/Third_Party/LwIP/system/arch/cc.h:37,
                 from ../Middlewares/Third_Party/LwIP/src/include/lwip/arch.h:48,
                 from ../Middlewares/Third_Party/LwIP/src/include/lwip/debug.h:40,
                 from ../Middlewares/Third_Party/LwIP/src/include/lwip/opt.h:52,
                 from ../LWIP/App/lwip.h:29,
                 from ../Core/Src/main.c:22:
C:\ST\STM32CubeIDE_1.13.2\STM32CubeIDE\plugins\com.st.stm32cube.ide.mcu.externaltools.gnu-tools-for-stm32.11.3.rel1.win32_1.1.1.202309131626\tools\bin/../lib/gcc/arm-none-eabi/11.3.1/../../../../arm-none-eabi/include/stdio.h:254:18: note: expected 'char * restrict' but argument is of type 'uint8_t *' {aka 'unsigned char *'}
  254 | int     sprintf (char *__restrict, const char *__restrict, ...)
      |                  ^
../Core/Src/main.c:290:25: warning: pointer targets in passing argument 1 of 'sprintf' differ in signedness [-Wpointer-sign]
  290 |                 sprintf(str, "f_mount failed %d", retSD);
      |                         ^~~
      |                         |
      |                         uint8_t * {aka unsigned char *}
In file included from ../Middlewares/Third_Party/LwIP/system/arch/cc.h:37,
                 from ../Middlewares/Third_Party/LwIP/src/include/lwip/arch.h:48,
                 from ../Middlewares/Third_Party/LwIP/src/include/lwip/debug.h:40,
                 from ../Middlewares/Third_Party/LwIP/src/include/lwip/opt.h:52,
                 from ../LWIP/App/lwip.h:29,
                 from ../Core/Src/main.c:22:
C:\ST\STM32CubeIDE_1.13.2\STM32CubeIDE\plugins\com.st.stm32cube.ide.mcu.externaltools.gnu-tools-for-stm32.11.3.rel1.win32_1.1.1.202309131626\tools\bin/../lib/gcc/arm-none-eabi/11.3.1/../../../../arm-none-eabi/include/stdio.h:254:18: note: expected 'char * restrict' but argument is of type 'uint8_t *' {aka 'unsigned char *'}
  254 | int     sprintf (char *__restrict, const char *__restrict, ...)
      |                  ^
../Core/Src/main.c:321:38: warning: pointer targets in passing argument 2 of 'f_open' differ in signedness [-Wpointer-sign]
  321 |         if ((retSD = f_open(&SDFile, filename, FA_OPEN_EXISTING | FA_READ)) == FR_OK)
      |                                      ^~~~~~~~
      |                                      |
      |                                      unsigned char *
In file included from ../FATFS/App/fatfs.h:26,
                 from ../Core/Src/main.c:21:
../Middlewares/Third_Party/FatFs/src/ff.h:242:39: note: expected 'const TCHAR *' {aka 'const char *'} but argument is of type 'unsigned char *'
  242 | FRESULT f_open (FIL* fp, const TCHAR* path, BYTE mode);                         /* Open or create a file */
      |                          ~~~~~~~~~~~~~^~~~
../Core/Src/main.c:324:25: warning: pointer targets in passing argument 1 of 'sprintf' differ in signedness [-Wpointer-sign]
  324 |                 sprintf(str, "%s opened", filename);
      |                         ^~~
      |                         |
      |                         uint8_t * {aka unsigned char *}
In file included from ../Middlewares/Third_Party/LwIP/system/arch/cc.h:37,
                 from ../Middlewares/Third_Party/LwIP/src/include/lwip/arch.h:48,
                 from ../Middlewares/Third_Party/LwIP/src/include/lwip/debug.h:40,
                 from ../Middlewares/Third_Party/LwIP/src/include/lwip/opt.h:52,
                 from ../LWIP/App/lwip.h:29,
                 from ../Core/Src/main.c:22:
C:\ST\STM32CubeIDE_1.13.2\STM32CubeIDE\plugins\com.st.stm32cube.ide.mcu.externaltools.gnu-tools-for-stm32.11.3.rel1.win32_1.1.1.202309131626\tools\bin/../lib/gcc/arm-none-eabi/11.3.1/../../../../arm-none-eabi/include/stdio.h:254:18: note: expected 'char * restrict' but argument is of type 'uint8_t *' {aka 'unsigned char *'}
  254 | int     sprintf (char *__restrict, const char *__restrict, ...)
      |                  ^
../Core/Src/main.c:329:25: warning: pointer targets in passing argument 1 of 'sprintf' differ in signedness [-Wpointer-sign]
  329 |                 sprintf(str, "open error %d\n", retSD);
      |                         ^~~
      |                         |
      |                         uint8_t * {aka unsigned char *}
In file included from ../Middlewares/Third_Party/LwIP/system/arch/cc.h:37,
                 from ../Middlewares/Third_Party/LwIP/src/include/lwip/arch.h:48,
                 from ../Middlewares/Third_Party/LwIP/src/include/lwip/debug.h:40,
                 from ../Middlewares/Third_Party/LwIP/src/include/lwip/opt.h:52,
                 from ../LWIP/App/lwip.h:29,
                 from ../Core/Src/main.c:22:
C:\ST\STM32CubeIDE_1.13.2\STM32CubeIDE\plugins\com.st.stm32cube.ide.mcu.externaltools.gnu-tools-for-stm32.11.3.rel1.win32_1.1.1.202309131626\tools\bin/../lib/gcc/arm-none-eabi/11.3.1/../../../../arm-none-eabi/include/stdio.h:254:18: note: expected 'char * restrict' but argument is of type 'uint8_t *' {aka 'unsigned char *'}
  254 | int     sprintf (char *__restrict, const char *__restrict, ...)
      |                  ^
../Core/Src/main.c:339:58: warning: passing argument 4 of 'f_read' from incompatible pointer type [-Wincompatible-pointer-types]
  339 |                                 f_read(&SDFile, buf, 32, &br);
      |                                                          ^~~
      |                                                          |
      |                                                          uint32_t * {aka long unsigned int *}
In file included from ../FATFS/App/fatfs.h:26,
                 from ../Core/Src/main.c:21:
../Middlewares/Third_Party/FatFs/src/ff.h:244:54: note: expected 'UINT *' {aka 'unsigned int *'} but argument is of type 'uint32_t *' {aka 'long unsigned int *'}
  244 | FRESULT f_read (FIL* fp, void* buff, UINT btr, UINT* br);                       /* Read data from the file */
      |                                                ~~~~~~^~
../Core/Src/main.c:377:48: warning: pointer targets in passing argument 1 of 'strcpy' differ in signedness [-Wpointer-sign]
  377 |                                         strcpy(filename, "0:/1.mp3");
      |                                                ^~~~~~~~
      |                                                |
      |                                                unsigned char *
In file included from ../Core/Src/main.c:27:
C:\ST\STM32CubeIDE_1.13.2\STM32CubeIDE\plugins\com.st.stm32cube.ide.mcu.externaltools.gnu-tools-for-stm32.11.3.rel1.win32_1.1.1.202309131626\tools\bin/../lib/gcc/arm-none-eabi/11.3.1/../../../../arm-none-eabi/include/string.h:38:18: note: expected 'char * restrict' but argument is of type 'unsigned char *'
   38 | char    *strcpy (char *__restrict, const char *__restrict);
      |                  ^
../Core/Src/main.c:380:48: warning: pointer targets in passing argument 1 of 'strcpy' differ in signedness [-Wpointer-sign]
  380 |                                         strcpy(filename, "0:/2.wav");
      |                                                ^~~~~~~~
      |                                                |
      |                                                unsigned char *
In file included from ../Core/Src/main.c:27:
C:\ST\STM32CubeIDE_1.13.2\STM32CubeIDE\plugins\com.st.stm32cube.ide.mcu.externaltools.gnu-tools-for-stm32.11.3.rel1.win32_1.1.1.202309131626\tools\bin/../lib/gcc/arm-none-eabi/11.3.1/../../../../arm-none-eabi/include/string.h:38:18: note: expected 'char * restrict' but argument is of type 'unsigned char *'
   38 | char    *strcpy (char *__restrict, const char *__restrict);
      |                  ^
../Core/Src/main.c:383:48: warning: pointer targets in passing argument 1 of 'strcpy' differ in signedness [-Wpointer-sign]
  383 |                                         strcpy(filename, "0:/3.mp3");
      |                                                ^~~~~~~~
      |                                                |
      |                                                unsigned char *
In file included from ../Core/Src/main.c:27:
C:\ST\STM32CubeIDE_1.13.2\STM32CubeIDE\plugins\com.st.stm32cube.ide.mcu.externaltools.gnu-tools-for-stm32.11.3.rel1.win32_1.1.1.202309131626\tools\bin/../lib/gcc/arm-none-eabi/11.3.1/../../../../arm-none-eabi/include/string.h:38:18: note: expected 'char * restrict' but argument is of type 'unsigned char *'
   38 | char    *strcpy (char *__restrict, const char *__restrict);
      |                  ^
../Core/Src/main.c:389:54: warning: pointer targets in passing argument 2 of 'f_open' differ in signedness [-Wpointer-sign]
  389 |                         if ((retSD = f_open(&SDFile, filename, FA_OPEN_EXISTING | FA_READ)) == FR_OK)
      |                                                      ^~~~~~~~
      |                                                      |
      |                                                      unsigned char *
In file included from ../FATFS/App/fatfs.h:26,
                 from ../Core/Src/main.c:21:
../Middlewares/Third_Party/FatFs/src/ff.h:242:39: note: expected 'const TCHAR *' {aka 'const char *'} but argument is of type 'unsigned char *'
  242 | FRESULT f_open (FIL* fp, const TCHAR* path, BYTE mode);                         /* Open or create a file */
      |                          ~~~~~~~~~~~~~^~~~
../Core/Src/main.c:392:41: warning: pointer targets in passing argument 1 of 'sprintf' differ in signedness [-Wpointer-sign]
  392 |                                 sprintf(str, "%s opened", filename);
      |                                         ^~~
      |                                         |
      |                                         uint8_t * {aka unsigned char *}
In file included from ../Middlewares/Third_Party/LwIP/system/arch/cc.h:37,
                 from ../Middlewares/Third_Party/LwIP/src/include/lwip/arch.h:48,
                 from ../Middlewares/Third_Party/LwIP/src/include/lwip/debug.h:40,
                 from ../Middlewares/Third_Party/LwIP/src/include/lwip/opt.h:52,
                 from ../LWIP/App/lwip.h:29,
                 from ../Core/Src/main.c:22:
C:\ST\STM32CubeIDE_1.13.2\STM32CubeIDE\plugins\com.st.stm32cube.ide.mcu.externaltools.gnu-tools-for-stm32.11.3.rel1.win32_1.1.1.202309131626\tools\bin/../lib/gcc/arm-none-eabi/11.3.1/../../../../arm-none-eabi/include/stdio.h:254:18: note: expected 'char * restrict' but argument is of type 'uint8_t *' {aka 'unsigned char *'}
  254 | int     sprintf (char *__restrict, const char *__restrict, ...)
      |                  ^
../Core/Src/main.c:397:41: warning: pointer targets in passing argument 1 of 'sprintf' differ in signedness [-Wpointer-sign]
  397 |                                 sprintf(str, "open error %d\n", retSD);
      |                                         ^~~
      |                                         |
      |                                         uint8_t * {aka unsigned char *}
In file included from ../Middlewares/Third_Party/LwIP/system/arch/cc.h:37,
                 from ../Middlewares/Third_Party/LwIP/src/include/lwip/arch.h:48,
                 from ../Middlewares/Third_Party/LwIP/src/include/lwip/debug.h:40,
                 from ../Middlewares/Third_Party/LwIP/src/include/lwip/opt.h:52,
                 from ../LWIP/App/lwip.h:29,
                 from ../Core/Src/main.c:22:
C:\ST\STM32CubeIDE_1.13.2\STM32CubeIDE\plugins\com.st.stm32cube.ide.mcu.externaltools.gnu-tools-for-stm32.11.3.rel1.win32_1.1.1.202309131626\tools\bin/../lib/gcc/arm-none-eabi/11.3.1/../../../../arm-none-eabi/include/stdio.h:254:18: note: expected 'char * restrict' but argument is of type 'uint8_t *' {aka 'unsigned char *'}
  254 | int     sprintf (char *__restrict, const char *__restrict, ...)
      |                  ^
../Core/Src/main.c:411:49: warning: pointer targets in passing argument 3 of 'CLCD_Puts' differ in signedness [-Wpointer-sign]
  411 |                                 CLCD_Puts(0, 1, "paused");
      |                                                 ^~~~~~~~
      |                                                 |
      |                                                 char *
In file included from ../Core/Src/main.c:28:
../Core/Inc/CLCD.h:57:65: note: expected 'unsigned char *' but argument is of type 'char *'
   57 | void CLCD_Puts(unsigned char x, unsigned char y, unsigned char *str);
      |                                                  ~~~~~~~~~~~~~~~^~~
../Core/Src/main.c:416:49: warning: pointer targets in passing argument 3 of 'CLCD_Puts' differ in signedness [-Wpointer-sign]
  416 |                                 CLCD_Puts(0, 1, "playing");
      |                                                 ^~~~~~~~~
      |                                                 |
      |                                                 char *
In file included from ../Core/Src/main.c:28:
../Core/Inc/CLCD.h:57:65: note: expected 'unsigned char *' but argument is of type 'char *'
   57 | void CLCD_Puts(unsigned char x, unsigned char y, unsigned char *str);
      |                                                  ~~~~~~~~~~~~~~~^~~
../Core/Src/main.c:429:48: warning: pointer targets in passing argument 1 of 'strcpy' differ in signedness [-Wpointer-sign]
  429 |                                         strcpy(filename, "0:/1.mp3");
      |                                                ^~~~~~~~
      |                                                |
      |                                                unsigned char *
In file included from ../Core/Src/main.c:27:
C:\ST\STM32CubeIDE_1.13.2\STM32CubeIDE\plugins\com.st.stm32cube.ide.mcu.externaltools.gnu-tools-for-stm32.11.3.rel1.win32_1.1.1.202309131626\tools\bin/../lib/gcc/arm-none-eabi/11.3.1/../../../../arm-none-eabi/include/string.h:38:18: note: expected 'char * restrict' but argument is of type 'unsigned char *'
   38 | char    *strcpy (char *__restrict, const char *__restrict);
      |                  ^
../Core/Src/main.c:432:48: warning: pointer targets in passing argument 1 of 'strcpy' differ in signedness [-Wpointer-sign]
  432 |                                         strcpy(filename, "0:/2.wav");
      |                                                ^~~~~~~~
      |                                                |
      |                                                unsigned char *
In file included from ../Core/Src/main.c:27:
C:\ST\STM32CubeIDE_1.13.2\STM32CubeIDE\plugins\com.st.stm32cube.ide.mcu.externaltools.gnu-tools-for-stm32.11.3.rel1.win32_1.1.1.202309131626\tools\bin/../lib/gcc/arm-none-eabi/11.3.1/../../../../arm-none-eabi/include/string.h:38:18: note: expected 'char * restrict' but argument is of type 'unsigned char *'
   38 | char    *strcpy (char *__restrict, const char *__restrict);
      |                  ^
../Core/Src/main.c:435:48: warning: pointer targets in passing argument 1 of 'strcpy' differ in signedness [-Wpointer-sign]
  435 |                                         strcpy(filename, "0:/3.mp3");
      |                                                ^~~~~~~~
      |                                                |
      |                                                unsigned char *
In file included from ../Core/Src/main.c:27:
C:\ST\STM32CubeIDE_1.13.2\STM32CubeIDE\plugins\com.st.stm32cube.ide.mcu.externaltools.gnu-tools-for-stm32.11.3.rel1.win32_1.1.1.202309131626\tools\bin/../lib/gcc/arm-none-eabi/11.3.1/../../../../arm-none-eabi/include/string.h:38:18: note: expected 'char * restrict' but argument is of type 'unsigned char *'
   38 | char    *strcpy (char *__restrict, const char *__restrict);
      |                  ^
../Core/Src/main.c:441:54: warning: pointer targets in passing argument 2 of 'f_open' differ in signedness [-Wpointer-sign]
  441 |                         if ((retSD = f_open(&SDFile, filename, FA_OPEN_EXISTING | FA_READ)) == FR_OK)
      |                                                      ^~~~~~~~
      |                                                      |
      |                                                      unsigned char *
In file included from ../FATFS/App/fatfs.h:26,
                 from ../Core/Src/main.c:21:
../Middlewares/Third_Party/FatFs/src/ff.h:242:39: note: expected 'const TCHAR *' {aka 'const char *'} but argument is of type 'unsigned char *'
  242 | FRESULT f_open (FIL* fp, const TCHAR* path, BYTE mode);                         /* Open or create a file */
      |                          ~~~~~~~~~~~~~^~~~
../Core/Src/main.c:444:41: warning: pointer targets in passing argument 1 of 'sprintf' differ in signedness [-Wpointer-sign]
  444 |                                 sprintf(str, "%s opened", filename);
      |                                         ^~~
      |                                         |
      |                                         uint8_t * {aka unsigned char *}
In file included from ../Middlewares/Third_Party/LwIP/system/arch/cc.h:37,
                 from ../Middlewares/Third_Party/LwIP/src/include/lwip/arch.h:48,
                 from ../Middlewares/Third_Party/LwIP/src/include/lwip/debug.h:40,
                 from ../Middlewares/Third_Party/LwIP/src/include/lwip/opt.h:52,
                 from ../LWIP/App/lwip.h:29,
                 from ../Core/Src/main.c:22:
C:\ST\STM32CubeIDE_1.13.2\STM32CubeIDE\plugins\com.st.stm32cube.ide.mcu.externaltools.gnu-tools-for-stm32.11.3.rel1.win32_1.1.1.202309131626\tools\bin/../lib/gcc/arm-none-eabi/11.3.1/../../../../arm-none-eabi/include/stdio.h:254:18: note: expected 'char * restrict' but argument is of type 'uint8_t *' {aka 'unsigned char *'}
  254 | int     sprintf (char *__restrict, const char *__restrict, ...)
      |                  ^
../Core/Src/main.c:449:41: warning: pointer targets in passing argument 1 of 'sprintf' differ in signedness [-Wpointer-sign]
  449 |                                 sprintf(str, "open error %d\n", retSD);
      |                                         ^~~
      |                                         |
      |                                         uint8_t * {aka unsigned char *}
In file included from ../Middlewares/Third_Party/LwIP/system/arch/cc.h:37,
                 from ../Middlewares/Third_Party/LwIP/src/include/lwip/arch.h:48,
                 from ../Middlewares/Third_Party/LwIP/src/include/lwip/debug.h:40,
                 from ../Middlewares/Third_Party/LwIP/src/include/lwip/opt.h:52,
                 from ../LWIP/App/lwip.h:29,
                 from ../Core/Src/main.c:22:
C:\ST\STM32CubeIDE_1.13.2\STM32CubeIDE\plugins\com.st.stm32cube.ide.mcu.externaltools.gnu-tools-for-stm32.11.3.rel1.win32_1.1.1.202309131626\tools\bin/../lib/gcc/arm-none-eabi/11.3.1/../../../../arm-none-eabi/include/stdio.h:254:18: note: expected 'char * restrict' but argument is of type 'uint8_t *' {aka 'unsigned char *'}
  254 | int     sprintf (char *__restrict, const char *__restrict, ...)
      |                  ^
../Core/Src/main.c:279:18: warning: unused variable 'bw' [-Wunused-variable]
  279 |         uint32_t bw, br;
      |                  ^~
../Core/Src/main.c:276:13: warning: unused variable 'i' [-Wunused-variable]
  276 |         int i = 0;
      |             ^
../Core/Src/main.c:275:17: warning: unused variable 'eeprom' [-Wunused-variable]
  275 |         uint8_t eeprom[10] = { 0x00, 0x11, 0x22, 0x33, 0x44, 0x55, 0x66, 0x77, 0x88, 0x99 };
      |                 ^~~~~~
../Core/Src/main.c:274:18: warning: unused variable 'dacval' [-Wunused-variable]
  274 |         uint16_t dacval = 0;
      |                  ^~~~~~
../Core/Src/main.c:273:17: warning: unused variable 'ud_flag' [-Wunused-variable]
  273 |         uint8_t ud_flag = 0;
      |                 ^~~~~~~
../Core/Src/main.c:272:18: warning: unused variable 'psc' [-Wunused-variable]
  272 |         uint16_t psc = 1000;
      |                  ^~~
../Core/Src/main.c:271:18: warning: unused variable 'arr' [-Wunused-variable]
  271 |         uint16_t arr = 1000;
      |                  ^~~
../Core/Src/main.c:270:18: warning: unused variable 'ccr' [-Wunused-variable]
  270 |         uint16_t ccr = 0;
      |                  ^~~
../Core/Src/main.c:268:17: warning: unused variable 'a' [-Wunused-variable]
  268 |         uint8_t a = 0;
      |                 ^
../Core/Src/main.c:177:27: warning: unused variable 'adcval' [-Wunused-variable]
  177 |         volatile uint16_t adcval[4];
      |                           ^~~~~~
../Core/Src/main.c:324:33: warning: ' opened' directive writing 7 bytes into a region of size between 1 and 20 [-Wformat-overflow=]
  324 |                 sprintf(str, "%s opened", filename);
      |                                 ^~~~~~~
../Core/Src/main.c:324:17: note: 'sprintf' output between 8 and 27 bytes into a destination of size 20
  324 |                 sprintf(str, "%s opened", filename);
      |                 ^~~~~~~~~~~~~~~~~~~~~~~~~~~~~~~~~~~
../Core/Src/main.c:392:49: warning: ' opened' directive writing 7 bytes into a region of size between 1 and 20 [-Wformat-overflow=]
  392 |                                 sprintf(str, "%s opened", filename);
      |                                                 ^~~~~~~
../Core/Src/main.c:392:33: note: 'sprintf' output between 8 and 27 bytes into a destination of size 20
  392 |                                 sprintf(str, "%s opened", filename);
      |                                 ^~~~~~~~~~~~~~~~~~~~~~~~~~~~~~~~~~~
../Core/Src/main.c:444:49: warning: ' opened' directive writing 7 bytes into a region of size between 1 and 20 [-Wformat-overflow=]
  444 |                                 sprintf(str, "%s opened", filename);
      |                                                 ^~~~~~~
../Core/Src/main.c:444:33: note: 'sprintf' output between 8 and 27 bytes into a destination of size 20
  444 |                                 sprintf(str, "%s opened", filename);
      |                                 ^~~~~~~~~~~~~~~~~~~~~~~~~~~~~~~~~~~
At top level:
../Core/Src/main.c:134:30: warning: 'cnt' defined but not used [-Wunused-variable]
  134 |         static unsigned char cnt = 0;
      |                              ^~~
arm-none-eabi-gcc -o "14_ETH_LwIP.elf" @"objects.list"   -mcpu=cortex-m4 -T"C:\Users\KkangJun\Desktop\STMStudy\14_ETH_LwIP\STM32F407VETX_FLASH.ld" --specs=nosys.specs -Wl,-Map="14_ETH_LwIP.map" -Wl,--gc-sections -static -u _printf_float --specs=nano.specs -mfpu=fpv4-sp-d16 -mfloat-abi=hard -mthumb -Wl,--start-group -lc -lm -Wl,--end-group
Finished building target: 14_ETH_LwIP.elf
 
arm-none-eabi-size   14_ETH_LwIP.elf 
arm-none-eabi-objdump -h -S  14_ETH_LwIP.elf  > "14_ETH_LwIP.list"
   text	   data	    bss	    dec	    hex	filename
 127912	    508	  38492	 166912	  28c00	14_ETH_LwIP.elf
Finished building: default.size.stdout
 
Finished building: 14_ETH_LwIP.list
 

12:22:19 Build Finished. 0 errors, 38 warnings. (took 1s.811ms)

