10:30:12 **** Incremental Build of configuration Debug for project 1_GPIO ****
make -j16 all 
arm-none-eabi-gcc "../Core/Src/main.c" -mcpu=cortex-m4 -std=gnu11 -g3 -DDEBUG -DUSE_HAL_DRIVER -DSTM32F407xx -c -I../Core/Inc -I../Drivers/STM32F4xx_HAL_Driver/Inc -I../Drivers/STM32F4xx_HAL_Driver/Inc/Legacy -I../Drivers/CMSIS/Device/ST/STM32F4xx/Include -I../Drivers/CMSIS/Include -O0 -ffunction-sections -fdata-sections -Wall -fstack-usage -fcyclomatic-complexity -MMD -MP -MF"Core/Src/main.d" -MT"Core/Src/main.o" --specs=nano.specs -mfpu=fpv4-sp-d16 -mfloat-abi=hard -mthumb -o "Core/Src/main.o"
arm-none-eabi-gcc -o "1_GPIO.elf" @"objects.list"   -mcpu=cortex-m4 -T"C:\Users\KkangJun\Desktop\STMStudy\1_GPIO\STM32F407VETX_FLASH.ld" --specs=nosys.specs -Wl,-Map="1_GPIO.map" -Wl,--gc-sections -static --specs=nano.specs -mfpu=fpv4-sp-d16 -mfloat-abi=hard -mthumb -Wl,--start-group -lc -lm -Wl,--end-group
Finished building target: 1_GPIO.elf
 
arm-none-eabi-size   1_GPIO.elf 
arm-none-eabi-objdump -h -S  1_GPIO.elf  > "1_GPIO.list"
   text	   data	    bss	    dec	    hex	filename
   6244	     20	   1572	   7836	   1e9c	1_GPIO.elf
Finished building: default.size.stdout
 
Finished building: 1_GPIO.list
 

10:30:12 Build Finished. 0 errors, 0 warnings. (took 544ms)

