15:04:32 **** Incremental Build of configuration Debug for project 4_TIM_Interrupt ****
make -j16 all 
arm-none-eabi-gcc "../Core/Src/main.c" -mcpu=cortex-m4 -std=gnu11 -g3 -DDEBUG -DUSE_HAL_DRIVER -DSTM32F407xx -c -I../Core/Inc -I../Drivers/STM32F4xx_HAL_Driver/Inc -I../Drivers/STM32F4xx_HAL_Driver/Inc/Legacy -I../Drivers/CMSIS/Device/ST/STM32F4xx/Include -I../Drivers/CMSIS/Include -O0 -ffunction-sections -fdata-sections -Wall -fstack-usage -fcyclomatic-complexity -MMD -MP -MF"Core/Src/main.d" -MT"Core/Src/main.o" --specs=nano.specs -mfpu=fpv4-sp-d16 -mfloat-abi=hard -mthumb -o "Core/Src/main.o"
arm-none-eabi-gcc -o "4_TIM_Interrupt.elf" @"objects.list"   -mcpu=cortex-m4 -T"C:\Users\KkangJun\Desktop\STMStudy\4_TIM_Interrupt\STM32F407VETX_FLASH.ld" --specs=nosys.specs -Wl,-Map="4_TIM_Interrupt.map" -Wl,--gc-sections -static --specs=nano.specs -mfpu=fpv4-sp-d16 -mfloat-abi=hard -mthumb -Wl,--start-group -lc -lm -Wl,--end-group
Finished building target: 4_TIM_Interrupt.elf
 
arm-none-eabi-size   4_TIM_Interrupt.elf 
arm-none-eabi-objdump -h -S  4_TIM_Interrupt.elf  > "4_TIM_Interrupt.list"
   text	   data	    bss	    dec	    hex	filename
  15704	     20	   1716	  17440	   4420	4_TIM_Interrupt.elf
Finished building: default.size.stdout
 
Finished building: 4_TIM_Interrupt.list
 

15:04:33 Build Finished. 0 errors, 0 warnings. (took 652ms)

