16:01:57 **** Incremental Build of configuration Debug for project 5_EXTI ****
make -j16 all 
arm-none-eabi-gcc "../Core/Src/main.c" -mcpu=cortex-m4 -std=gnu11 -g3 -DDEBUG -DUSE_HAL_DRIVER -DSTM32F407xx -c -I../Core/Inc -I../Drivers/STM32F4xx_HAL_Driver/Inc -I../Drivers/STM32F4xx_HAL_Driver/Inc/Legacy -I../Drivers/CMSIS/Device/ST/STM32F4xx/Include -I../Drivers/CMSIS/Include -O0 -ffunction-sections -fdata-sections -Wall -fstack-usage -fcyclomatic-complexity -MMD -MP -MF"Core/Src/main.d" -MT"Core/Src/main.o" --specs=nano.specs -mfpu=fpv4-sp-d16 -mfloat-abi=hard -mthumb -o "Core/Src/main.o"
arm-none-eabi-gcc -o "5_EXTI.elf" @"objects.list"   -mcpu=cortex-m4 -T"C:\Users\KkangJun\Desktop\STMStudy\5_EXTI\STM32F407VETX_FLASH.ld" --specs=nosys.specs -Wl,-Map="5_EXTI.map" -Wl,--gc-sections -static --specs=nano.specs -mfpu=fpv4-sp-d16 -mfloat-abi=hard -mthumb -Wl,--start-group -lc -lm -Wl,--end-group
Finished building target: 5_EXTI.elf
 
arm-none-eabi-size   5_EXTI.elf 
arm-none-eabi-objdump -h -S  5_EXTI.elf  > "5_EXTI.list"
   text	   data	    bss	    dec	    hex	filename
  12424	     20	   1708	  14152	   3748	5_EXTI.elf
Finished building: default.size.stdout
 
Finished building: 5_EXTI.list
 

16:01:58 Build Finished. 0 errors, 0 warnings. (took 600ms)

