14:54:16 **** Incremental Build of configuration Debug for project 5_LCD ****
make -j16 all 
arm-none-eabi-gcc "../Core/Src/main.c" -mcpu=cortex-m4 -std=gnu11 -g3 -DDEBUG -DUSE_HAL_DRIVER -DSTM32F407xx -c -I../Core/Inc -I../Drivers/STM32F4xx_HAL_Driver/Inc -I../Drivers/STM32F4xx_HAL_Driver/Inc/Legacy -I../Drivers/CMSIS/Device/ST/STM32F4xx/Include -I../Drivers/CMSIS/Include -O0 -ffunction-sections -fdata-sections -Wall -fstack-usage -fcyclomatic-complexity -MMD -MP -MF"Core/Src/main.d" -MT"Core/Src/main.o" --specs=nano.specs -mfpu=fpv4-sp-d16 -mfloat-abi=hard -mthumb -o "Core/Src/main.o"
../Core/Src/main.c: In function '_write':
../Core/Src/main.c:60:36: warning: pointer targets in passing argument 2 of 'HAL_UART_Transmit' differ in signedness [-Wpointer-sign]
   60 |         HAL_UART_Transmit(&huart3, p, len, 10);
      |                                    ^
      |                                    |
      |                                    char *
In file included from ../Core/Inc/stm32f4xx_hal_conf.h:411,
                 from ../Drivers/STM32F4xx_HAL_Driver/Inc/stm32f4xx_hal.h:29,
                 from ../Core/Inc/main.h:30,
                 from ../Core/Src/main.c:20:
../Drivers/STM32F4xx_HAL_Driver/Inc/stm32f4xx_hal_uart.h:722:79: note: expected 'const uint8_t *' {aka 'const unsigned char *'} but argument is of type 'char *'
  722 | HAL_StatusTypeDef HAL_UART_Transmit(UART_HandleTypeDef *huart, const uint8_t *pData, uint16_t Size, uint32_t Timeout);
      |                                                                ~~~~~~~~~~~~~~~^~~~~
../Core/Src/main.c: In function 'main':
../Core/Src/main.c:132:25: warning: pointer targets in passing argument 3 of 'CLCD_Puts' differ in signedness [-Wpointer-sign]
  132 |         CLCD_Puts(0, 0, "Welcome to");
      |                         ^~~~~~~~~~~~
      |                         |
      |                         char *
In file included from ../Core/Src/main.c:26:
../Core/Inc/CLCD.h:57:65: note: expected 'unsigned char *' but argument is of type 'char *'
   57 | void CLCD_Puts(unsigned char x, unsigned char y, unsigned char *str);
      |                                                  ~~~~~~~~~~~~~~~^~~
../Core/Src/main.c:133:25: warning: pointer targets in passing argument 3 of 'CLCD_Puts' differ in signedness [-Wpointer-sign]
  133 |         CLCD_Puts(0, 1, "Kkang Home");
      |                         ^~~~~~~~~~~~
      |                         |
      |                         char *
In file included from ../Core/Src/main.c:26:
../Core/Inc/CLCD.h:57:65: note: expected 'unsigned char *' but argument is of type 'char *'
   57 | void CLCD_Puts(unsigned char x, unsigned char y, unsigned char *str);
      |                                                  ~~~~~~~~~~~~~~~^~~
../Core/Src/main.c:144:25: warning: pointer targets in passing argument 1 of 'sprintf' differ in signedness [-Wpointer-sign]
  144 |                 sprintf(str, "%d", a++);
      |                         ^~~
      |                         |
      |                         uint8_t * {aka unsigned char *}
In file included from ../Core/Src/main.c:24:
C:\ST\STM32CubeIDE_1.13.2\STM32CubeIDE\plugins\com.st.stm32cube.ide.mcu.externaltools.gnu-tools-for-stm32.11.3.rel1.win32_1.1.1.202309131626\tools\bin/../lib/gcc/arm-none-eabi/11.3.1/../../../../arm-none-eabi/include/stdio.h:254:18: note: expected 'char * restrict' but argument is of type 'uint8_t *' {aka 'unsigned char *'}
  254 | int     sprintf (char *__restrict, const char *__restrict, ...)
      |                  ^
arm-none-eabi-gcc -o "5_LCD.elf" @"objects.list"   -mcpu=cortex-m4 -T"C:\Users\KkangJun\Desktop\STMStudy\5_LCD\STM32F407VETX_FLASH.ld" --specs=nosys.specs -Wl,-Map="5_LCD.map" -Wl,--gc-sections -static -u _printf_float --specs=nano.specs -mfpu=fpv4-sp-d16 -mfloat-abi=hard -mthumb -Wl,--start-group -lc -lm -Wl,--end-group
Finished building target: 5_LCD.elf
 
arm-none-eabi-size   5_LCD.elf 
arm-none-eabi-objdump -h -S  5_LCD.elf  > "5_LCD.list"
   text	   data	    bss	    dec	    hex	filename
  28036	    576	   1976	  30588	   777c	5_LCD.elf
Finished building: default.size.stdout
 
Finished building: 5_LCD.list
 

14:54:17 Build Finished. 0 errors, 4 warnings. (took 652ms)

