16:42:31 **** Incremental Build of configuration Debug for project 8_DAC ****
make -j16 all 
arm-none-eabi-gcc "../Core/Src/main.c" -mcpu=cortex-m4 -std=gnu11 -g3 -DDEBUG -DUSE_HAL_DRIVER -DSTM32F407xx -c -I../Core/Inc -I../Drivers/STM32F4xx_HAL_Driver/Inc -I../Drivers/STM32F4xx_HAL_Driver/Inc/Legacy -I../Drivers/CMSIS/Device/ST/STM32F4xx/Include -I../Drivers/CMSIS/Include -O0 -ffunction-sections -fdata-sections -Wall -fstack-usage -fcyclomatic-complexity -MMD -MP -MF"Core/Src/main.d" -MT"Core/Src/main.o" --specs=nano.specs -mfpu=fpv4-sp-d16 -mfloat-abi=hard -mthumb -o "Core/Src/main.o"
arm-none-eabi-gcc -o "8_DAC.elf" @"objects.list"   -mcpu=cortex-m4 -T"C:\Users\KkangJun\Desktop\STMStudy\8_DAC\STM32F407VETX_FLASH.ld" --specs=nosys.specs -Wl,-Map="8_DAC.map" -Wl,--gc-sections -static --specs=nano.specs -mfpu=fpv4-sp-d16 -mfloat-abi=hard -mthumb -Wl,--start-group -lc -lm -Wl,--end-group
Finished building target: 8_DAC.elf
 
arm-none-eabi-size   8_DAC.elf 
arm-none-eabi-objdump -h -S  8_DAC.elf  > "8_DAC.list"
   text	   data	    bss	    dec	    hex	filename
  24188	     20	   2260	  26468	   6764	8_DAC.elf
Finished building: default.size.stdout
 
Finished building: 8_DAC.list
 

16:42:32 Build Finished. 0 errors, 0 warnings. (took 852ms)

